Component: ARM Compiler 6.16 Tool: armlink [5dfeaa00]

==============================================================================

Section Cross References

    lucaskelley_lab06_parta.o(main) refers to lucaskelley_lab06_parta.o(variables) for result_str
    startup_lpc407x_8x_177x_8x.o(RESET) refers to startup_lpc407x_8x_177x_8x.o(STACK) for __initial_sp
    startup_lpc407x_8x_177x_8x.o(RESET) refers to startup_lpc407x_8x_177x_8x.o(.text) for Reset_Handler
    startup_lpc407x_8x_177x_8x.o(.text) refers to lucaskelley_lab06_parta.o(main) for SystemInit
    startup_lpc407x_8x_177x_8x.o(.text) refers to startup_lpc407x_8x_177x_8x.o(HEAP) for Heap_Mem
    startup_lpc407x_8x_177x_8x.o(.text) refers to startup_lpc407x_8x_177x_8x.o(STACK) for Stack_Mem


==============================================================================

Image Symbol Table

    Local Symbols

    Symbol Name                              Value     Ov Type        Size  Object(Section)

    ../LPC4088/startup_LPC407x_8x_177x_8x.s  0x00000000   Number         0  startup_lpc407x_8x_177x_8x.o ABSOLUTE
    LucasKelley_Lab06_PartA.s                0x00000000   Number         0  lucaskelley_lab06_parta.o ABSOLUTE
    RESET                                    0x00000000   Section      228  startup_lpc407x_8x_177x_8x.o(RESET)
    $v0                                      0x000000e4   Number         0  startup_lpc407x_8x_177x_8x.o(.text)
    .text                                    0x000000e4   Section       60  startup_lpc407x_8x_177x_8x.o(.text)
    $v0                                      0x00000120   Number         0  lucaskelley_lab06_parta.o(main)
    main                                     0x00000120   Section      240  lucaskelley_lab06_parta.o(main)
    test_str_2                               0x000001d8   Data           0  lucaskelley_lab06_parta.o(main)
    test_str_1                               0x000001f4   Data           0  lucaskelley_lab06_parta.o(main)
    .ARM.__at_0x02FC                         0x000002fc   Section        4  startup_lpc407x_8x_177x_8x.o(.ARM.__at_0x02FC)
    result_str                               0x10000000   Data           0  lucaskelley_lab06_parta.o(variables)
    variables                                0x10000000   Section       64  lucaskelley_lab06_parta.o(variables)
    Heap_Mem                                 0x10000040   Data           0  startup_lpc407x_8x_177x_8x.o(HEAP)
    Stack_Mem                                0x10000040   Data        1024  startup_lpc407x_8x_177x_8x.o(STACK)
    HEAP                                     0x10000040   Section        0  startup_lpc407x_8x_177x_8x.o(HEAP)
    STACK                                    0x10000040   Section     1024  startup_lpc407x_8x_177x_8x.o(STACK)
    __initial_sp                             0x10000440   Data           0  startup_lpc407x_8x_177x_8x.o(STACK)

    Global Symbols

    Symbol Name                              Value     Ov Type        Size  Object(Section)

    BuildAttributes$$THM_ISAv4$E$P$D$K$B$S$7EM$VFPi3$EXTD16$VFPS$VFMA$PE$A:L22UL41UL21$X:L11$S22US41US21$IEEE1$~IW$USESV6$~STKCKD$USESV7$~SHL$OSPACE$EBA8$STANDARDLIB$EABIv2 0x00000000   Number         0  anon$$obj.o ABSOLUTE
    __Vectors                                0x00000000   Data           4  startup_lpc407x_8x_177x_8x.o(RESET)
    __use_two_region_memory                  0x00000000   Number         0  lucaskelley_lab06_parta.o ABSOLUTE
    Reset_Handler                            0x000000e5   Thumb Code     8  startup_lpc407x_8x_177x_8x.o(.text)
    NMI_Handler                              0x000000ed   Thumb Code     2  startup_lpc407x_8x_177x_8x.o(.text)
    HardFault_Handler                        0x000000ef   Thumb Code     2  startup_lpc407x_8x_177x_8x.o(.text)
    MemManage_Handler                        0x000000f1   Thumb Code     2  startup_lpc407x_8x_177x_8x.o(.text)
    BusFault_Handler                         0x000000f3   Thumb Code     2  startup_lpc407x_8x_177x_8x.o(.text)
    UsageFault_Handler                       0x000000f5   Thumb Code     2  startup_lpc407x_8x_177x_8x.o(.text)
    SVC_Handler                              0x000000f7   Thumb Code     2  startup_lpc407x_8x_177x_8x.o(.text)
    DebugMon_Handler                         0x000000f9   Thumb Code     2  startup_lpc407x_8x_177x_8x.o(.text)
    PendSV_Handler                           0x000000fb   Thumb Code     2  startup_lpc407x_8x_177x_8x.o(.text)
    SysTick_Handler                          0x000000fd   Thumb Code     2  startup_lpc407x_8x_177x_8x.o(.text)
    ADC_IRQHandler                           0x000000ff   Thumb Code     0  startup_lpc407x_8x_177x_8x.o(.text)
    BOD_IRQHandler                           0x000000ff   Thumb Code     0  startup_lpc407x_8x_177x_8x.o(.text)
    CANActivity_IRQHandler                   0x000000ff   Thumb Code     0  startup_lpc407x_8x_177x_8x.o(.text)
    CAN_IRQHandler                           0x000000ff   Thumb Code     0  startup_lpc407x_8x_177x_8x.o(.text)
    DMA_IRQHandler                           0x000000ff   Thumb Code     0  startup_lpc407x_8x_177x_8x.o(.text)
    EEPROM_IRQHandler                        0x000000ff   Thumb Code     0  startup_lpc407x_8x_177x_8x.o(.text)
    EINT0_IRQHandler                         0x000000ff   Thumb Code     0  startup_lpc407x_8x_177x_8x.o(.text)
    EINT1_IRQHandler                         0x000000ff   Thumb Code     0  startup_lpc407x_8x_177x_8x.o(.text)
    EINT2_IRQHandler                         0x000000ff   Thumb Code     0  startup_lpc407x_8x_177x_8x.o(.text)
    EINT3_IRQHandler                         0x000000ff   Thumb Code     0  startup_lpc407x_8x_177x_8x.o(.text)
    ENET_IRQHandler                          0x000000ff   Thumb Code     0  startup_lpc407x_8x_177x_8x.o(.text)
    GPIO_IRQHandler                          0x000000ff   Thumb Code     0  startup_lpc407x_8x_177x_8x.o(.text)
    I2C0_IRQHandler                          0x000000ff   Thumb Code     0  startup_lpc407x_8x_177x_8x.o(.text)
    I2C1_IRQHandler                          0x000000ff   Thumb Code     0  startup_lpc407x_8x_177x_8x.o(.text)
    I2C2_IRQHandler                          0x000000ff   Thumb Code     0  startup_lpc407x_8x_177x_8x.o(.text)
    I2S_IRQHandler                           0x000000ff   Thumb Code     0  startup_lpc407x_8x_177x_8x.o(.text)
    LCD_IRQHandler                           0x000000ff   Thumb Code     0  startup_lpc407x_8x_177x_8x.o(.text)
    MCI_IRQHandler                           0x000000ff   Thumb Code     0  startup_lpc407x_8x_177x_8x.o(.text)
    MCPWM_IRQHandler                         0x000000ff   Thumb Code     0  startup_lpc407x_8x_177x_8x.o(.text)
    PLL0_IRQHandler                          0x000000ff   Thumb Code     0  startup_lpc407x_8x_177x_8x.o(.text)
    PLL1_IRQHandler                          0x000000ff   Thumb Code     0  startup_lpc407x_8x_177x_8x.o(.text)
    PWM0_IRQHandler                          0x000000ff   Thumb Code     0  startup_lpc407x_8x_177x_8x.o(.text)
    PWM1_IRQHandler                          0x000000ff   Thumb Code     0  startup_lpc407x_8x_177x_8x.o(.text)
    QEI_IRQHandler                           0x000000ff   Thumb Code     0  startup_lpc407x_8x_177x_8x.o(.text)
    RTC_IRQHandler                           0x000000ff   Thumb Code     0  startup_lpc407x_8x_177x_8x.o(.text)
    SSP0_IRQHandler                          0x000000ff   Thumb Code     0  startup_lpc407x_8x_177x_8x.o(.text)
    SSP1_IRQHandler                          0x000000ff   Thumb Code     0  startup_lpc407x_8x_177x_8x.o(.text)
    SSP2_IRQHandler                          0x000000ff   Thumb Code     0  startup_lpc407x_8x_177x_8x.o(.text)
    TIMER0_IRQHandler                        0x000000ff   Thumb Code     0  startup_lpc407x_8x_177x_8x.o(.text)
    TIMER1_IRQHandler                        0x000000ff   Thumb Code     0  startup_lpc407x_8x_177x_8x.o(.text)
    TIMER2_IRQHandler                        0x000000ff   Thumb Code     0  startup_lpc407x_8x_177x_8x.o(.text)
    TIMER3_IRQHandler                        0x000000ff   Thumb Code     0  startup_lpc407x_8x_177x_8x.o(.text)
    UART0_IRQHandler                         0x000000ff   Thumb Code     0  startup_lpc407x_8x_177x_8x.o(.text)
    UART1_IRQHandler                         0x000000ff   Thumb Code     0  startup_lpc407x_8x_177x_8x.o(.text)
    UART2_IRQHandler                         0x000000ff   Thumb Code     0  startup_lpc407x_8x_177x_8x.o(.text)
    UART3_IRQHandler                         0x000000ff   Thumb Code     0  startup_lpc407x_8x_177x_8x.o(.text)
    UART4_IRQHandler                         0x000000ff   Thumb Code     0  startup_lpc407x_8x_177x_8x.o(.text)
    USBActivity_IRQHandler                   0x000000ff   Thumb Code     0  startup_lpc407x_8x_177x_8x.o(.text)
    USB_IRQHandler                           0x000000ff   Thumb Code     0  startup_lpc407x_8x_177x_8x.o(.text)
    WDT_IRQHandler                           0x000000ff   Thumb Code     0  startup_lpc407x_8x_177x_8x.o(.text)
    __user_initial_stackheap                 0x00000101   Thumb Code     0  startup_lpc407x_8x_177x_8x.o(.text)
    SystemInit                               0x00000121   Thumb Code     0  lucaskelley_lab06_parta.o(main)
    __main                                   0x00000123   Thumb Code     0  lucaskelley_lab06_parta.o(main)



==============================================================================

Memory Map of the image

  Image Entry point : 0x00000121

  Load Region LR_IROM1 (Base: 0x00000000, Size: 0x00000340, Max: 0x00080000, ABSOLUTE)

    Execution Region ER_IROM1 (Exec base: 0x00000000, Load base: 0x00000000, Size: 0x00000300, Max: 0x00080000, ABSOLUTE)

    Exec Addr    Load Addr    Size         Type   Attr      Idx    E Section Name        Object

    0x00000000   0x00000000   0x000000e4   Data   RO            9    RESET               startup_lpc407x_8x_177x_8x.o
    0x000000e4   0x000000e4   0x0000003c   Code   RO           11    .text               startup_lpc407x_8x_177x_8x.o
    0x00000120   0x00000120   0x000000f0   Code   RO            1  * main                lucaskelley_lab06_parta.o
    0x00000210   0x00000210   0x000000ec   PAD
    0x000002fc   0x000002fc   0x00000004   Code   RO           10    .ARM.__at_0x02FC    startup_lpc407x_8x_177x_8x.o


    Execution Region RW_IRAM1 (Exec base: 0x10000000, Load base: 0x00000300, Size: 0x00000440, Max: 0x00010000, ABSOLUTE)

    Exec Addr    Load Addr    Size         Type   Attr      Idx    E Section Name        Object

    0x10000000   0x00000300   0x00000040   Data   RW            2    variables           lucaskelley_lab06_parta.o
    0x10000040        -       0x00000000   Zero   RW            8    HEAP                startup_lpc407x_8x_177x_8x.o
    0x10000040        -       0x00000400   Zero   RW            7    STACK               startup_lpc407x_8x_177x_8x.o


==============================================================================

Image component sizes


      Code (inc. data)   RO Data    RW Data    ZI Data      Debug   Object Name

       240         64          0         64          0        360   lucaskelley_lab06_parta.o
        64         26        228          0       1024       1024   startup_lpc407x_8x_177x_8x.o

    ----------------------------------------------------------------------
       540        326        228         64       1024       1384   Object Totals
         0          0          0          0          0          0   (incl. Generated)
       236        236          0          0          0          0   (incl. Padding)

    ----------------------------------------------------------------------
         0          0          0          0          0          0   Library Totals
         0          0          0          0          0          0   (incl. Padding)

    ----------------------------------------------------------------------

==============================================================================


      Code (inc. data)   RO Data    RW Data    ZI Data      Debug   

       540        326        228         64       1024       1384   Grand Totals
       540        326        228         64       1024       1384   ELF Image Totals
       540        326        228         64          0          0   ROM Totals

==============================================================================

    Total RO  Size (Code + RO Data)                  768 (   0.75kB)
    Total RW  Size (RW Data + ZI Data)              1088 (   1.06kB)
    Total ROM Size (Code + RO Data + RW Data)        832 (   0.81kB)

==============================================================================

